<?xml version="1.0" encoding="utf-8"?><testsuites><testsuite name="pytest" errors="0" failures="1" skipped="0" tests="3" time="0.024" timestamp="2024-03-06T17:35:12.754348" hostname="fv-az914-153"><testcase classname="test_file" name="test_case_0" time="0.001" /><testcase classname="test_file" name="test_case_1" time="0.001" /><testcase classname="test_file" name="test_case_2" time="0.001"><failure message="AssertionError: assert '0.0' == '0'&#10;  &#10;  - 0&#10;  + 0.0">E   AssertionError: assert '0.0' == '0'
      
      - 0
      + 0.0</failure></testcase></testsuite></testsuites>